------------------------------------------------------------
TimeQuest Timing Analyzer Summary
------------------------------------------------------------

Type  : Slow 1200mV 85C Model Setup 'SW[1]'
Slack : -3.177
TNS   : -24.427

Type  : Slow 1200mV 85C Model Setup 'KEY[0]'
Slack : -2.190
TNS   : -64.373

Type  : Slow 1200mV 85C Model Hold 'KEY[0]'
Slack : 0.440
TNS   : 0.000

Type  : Slow 1200mV 85C Model Hold 'SW[1]'
Slack : 1.489
TNS   : 0.000

Type  : Slow 1200mV 85C Model Minimum Pulse Width 'KEY[0]'
Slack : -3.000
TNS   : -67.250

Type  : Slow 1200mV 85C Model Minimum Pulse Width 'SW[1]'
Slack : -3.000
TNS   : -3.000

Type  : Slow 1200mV 0C Model Setup 'SW[1]'
Slack : -2.891
TNS   : -22.229

Type  : Slow 1200mV 0C Model Setup 'KEY[0]'
Slack : -1.884
TNS   : -55.028

Type  : Slow 1200mV 0C Model Hold 'KEY[0]'
Slack : 0.387
TNS   : 0.000

Type  : Slow 1200mV 0C Model Hold 'SW[1]'
Slack : 1.328
TNS   : 0.000

Type  : Slow 1200mV 0C Model Minimum Pulse Width 'KEY[0]'
Slack : -3.000
TNS   : -67.250

Type  : Slow 1200mV 0C Model Minimum Pulse Width 'SW[1]'
Slack : -3.000
TNS   : -3.000

Type  : Fast 1200mV 0C Model Setup 'SW[1]'
Slack : -1.929
TNS   : -14.793

Type  : Fast 1200mV 0C Model Setup 'KEY[0]'
Slack : -0.528
TNS   : -7.266

Type  : Fast 1200mV 0C Model Hold 'KEY[0]'
Slack : 0.201
TNS   : 0.000

Type  : Fast 1200mV 0C Model Hold 'SW[1]'
Slack : 0.531
TNS   : 0.000

Type  : Fast 1200mV 0C Model Minimum Pulse Width 'KEY[0]'
Slack : -3.000
TNS   : -78.224

Type  : Fast 1200mV 0C Model Minimum Pulse Width 'SW[1]'
Slack : -3.000
TNS   : -6.948

------------------------------------------------------------
